node:internal/process/promises:394
    triggerUncaughtException(err, true /* fromPromise */);
    ^

Error: Transform failed with 1 error:
/eval.ts:1:5: ERROR: Expected identifier but found end of file
    at failureErrorWithLog (C:\Users\DELL\Downloads\nexa-main\nexa-main\node_modules\tsx\node_modules\esbuild\lib\main.js:1752:15)
    at C:\Users\DELL\Downloads\nexa-main\nexa-main\node_modules\tsx\node_modules\esbuild\lib\main.js:1019:50
    at responseCallbacks.<computed> (C:\Users\DELL\Downloads\nexa-main\nexa-main\node_modules\tsx\node_modules\esbuild\lib\main.js:886:9)
    at handleIncomingPacket (C:\Users\DELL\Downloads\nexa-main\nexa-main\node_modules\tsx\node_modules\esbuild\lib\main.js:941:12)
    at Socket.readFromStdout (C:\Users\DELL\Downloads\nexa-main\nexa-main\node_modules\tsx\node_modules\esbuild\lib\main.js:864:7)
    at Socket.emit (node:events:509:28)
    at addChunk (node:internal/streams/readable:563:12)
    at readableAddChunkPushByteMode (node:internal/streams/readable:514:3)
    at Readable.push (node:internal/streams/readable:394:5)
    at Pipe.onStreamRead (node:internal/stream_base_commons:189:23) {
  errors: [
    {
      detail: undefined,
      id: '',
      location: {
        column: 5,
        file: '/eval.ts',
        length: 0,
        line: 1,
        lineText: 'const',
        namespace: '',
        suggestion: ''
      },
      notes: [],
      pluginName: '',
      text: 'Expected identifier but found end of file'
    }
  ],
  warnings: []
}

Node.js v24.18.0
